exports[`weather icon component renders correctly 1`] = `
<View>
  <View>
    <Text
      accessible={true}
      allowFontScaling={false}
      ellipsizeMode="tail"
      icon="snow"
      style={
        Array [
          Object {
            "color": undefined,
            "fontSize": 12,
          },
          undefined,
          Object {
            "fontFamily": "Material Design Icons",
            "fontStyle": "normal",
            "fontWeight": "normal",
          },
        ]
      }>
      
    </Text>
  </View>
  <View>
    <Text
      accessible={true}
      allowFontScaling={false}
      ellipsizeMode="tail"
      icon="snow"
      style={
        Array [
          Object {
            "color": undefined,
            "fontSize": 12,
          },
          undefined,
          Object {
            "fontFamily": "Material Design Icons",
            "fontStyle": "normal",
            "fontWeight": "normal",
          },
        ]
      }>
      
    </Text>
  </View>
  <View>
    <Text
      accessible={true}
      allowFontScaling={false}
      ellipsizeMode="tail"
      icon="rain"
      style={
        Array [
          Object {
            "color": undefined,
            "fontSize": 12,
          },
          undefined,
          Object {
            "fontFamily": "Material Design Icons",
            "fontStyle": "normal",
            "fontWeight": "normal",
          },
        ]
      }>
      
    </Text>
  </View>
</View>
`;
