exports[`darksky api gets weather for geolocation 1`] = `
Object {
  "default": Object {
    "alerts": Array [
      Object {
        "description": "Willamette Tributaries Bulletin
...The Flood Warning continues for the following rivers in Oregon...
Marys River near Philomath affecting Benton County
Pudding River at Aurora affecting Clackamas and Marion Counties
River forecasts are based on observed and forecast rainfall and
temperatures. For the latest river stages and forecasts, visit
weather.gov/portland.
The next update for these locations will be issued by 930 am Tuesday.
The Flood Warning continues for
The Pudding River at Aurora.
* At 3 PM Monday the stage was...22.9 feet / 8140 cfs.
* Flood stage is 22.0 feet and flood flow is 7000 cfs.
* Forecast...This river is forecast to crest near 23.5 feet
Tuesday morning. It is expected to fall below flood stage
Wednesday evening.
* Impact...Above 22 ft, expect minor flooding of low-lying
agricultural lands and access roads along the river.
&&",
        "expires": 1486645680,
        "regions": Array [
          "Clackamas",
          "Marion",
        ],
        "severity": "warning",
        "time": 1486424160,
        "title": "Flood Warning",
        "uri": "https://alerts.weather.gov/cap/wwacapget.php?x=OR12583DFA4400.FloodWarning.12583E267930OR.PQRFLSPQR.17445f966c95b0be4db77fb26a29e3c4",
      },
      Object {
        "description": "...SIGNIFICANT SNOW EXPECTED STARTING EARLY TUESDAY MORNING
ACROSS CENTRAL AND NORTH CENTRAL OREGON...
.A MOIST AND UNSTABLE WESTERLY FLOW WILL KEEP SNOW SHOWERS GOING
OVER THE WASHINGTON CASCADE EAST SLOPES INTO THE EARLY EVENING
HOURS. THEN A STRONG FRONTAL SYSTEM WILL BEGIN SPREADING STEADY
SNOW INTO CENTRAL OREGON PRIOR TO DAYBREAK TUESDAY. SNOWFALL
RATES COULD REACH 1 INCH PER HOUR DURING THE MORNING COMMUTE
HOURS. THE STEADY SNOW LIFTS NORTH INTO NORTH CENTRAL OREGON AND
THE JOHN DAY BASIN BY MID MORNING. PERIODS OF SNOW CONTINUE
THROUGH THE MORNING AND EARLY AFTERNOON HOURS BEFORE SHIFTING
NORTH AND TAPERING OFF TUESDAY EVENING. ACCUMULATING SNOW IS
LIKELY AS FAR NORTH AS THE OREGON WASHINGTON BORDER TUESDAY
AFTERNOON.
...WINTER STORM WARNING REMAINS IN EFFECT FROM 4 AM TO 3 PM PST
TUESDAY...
* LOCATIONS...BROTHERS...PAULINA...PRAIRIE CITY...SENECA...
BEND... MADRAS...PRINEVILLE...REDMOND...LA PINE...SUNRIVER.
* ICE ACCUMULATIONS...LITTLE OR NO ICE ACCUMULATION EXPECTED.
* SNOW ACCUMULATIONS... 4 TO 7 INCHES IN CENTRAL OREGON AND THE
OCHOCO JOHN DAY HIGHLANDS. 6 TO 10 INCHES ALONG THE EAST
SLOPES OF THE OREGON CASCADES.
* TIMING...LIGHT SNOW WILL DEVELOP DURING THE PREDAWN HOURS
TUESDAY MORNING...SPREADING NORTH REACHING REDMOND AND SENECA
BY AROUND DAYBREAK. SNOW WILL QUICKLY BECOME MODERATE TO EVEN
HEAVY AT TIMES TUESDAY MORNING ACROSS THE AREA. THE SNOW THEN
TAPERS OFF TO SHOWERS BY TUESDAY AFTERNOON.
* IMPACTS...ROADS WILL QUICKLY BECOME SNOW PACKED AND SLIPPERY.
HEAVY SNOWFALL RATES ARE POSSIBLE DURING THE MORNING COMMUTE.
* WINDS...SOUTHEAST 5 TO 10 MPH.
* TEMPERATURES...IN 20S...RISING INTO THE LOWER 30S TUESDAY
AFTERNOON.
* SNOW LEVEL... BELOW 2000 FEET TUESDAY MORNING. RISING TO 3000
TO 3500 FEET TUESDAY AFTERNOON.
* WEB PAGE: FOR A DETAILED VIEW OF THE HAZARD AREA VISIT
HTTP://WWW.WRH.NOAA.GOV/MAP/?WFO=PDT.",
        "expires": 1486508400,
        "regions": Array [
          "Central Oregon",
          "East Slopes of the Oregon Cascades",
          "Ochoco-John Day Highlands",
        ],
        "severity": "warning",
        "time": 1486439100,
        "title": "Winter Storm Warning",
        "uri": "https://alerts.weather.gov/cap/wwacapget.php?x=OR12583E067C84.WinterStormWarning.12583E097830OR.PDTWSWPDT.63805ebb9e359a93775703a5f386b46e",
      },
    ],
    "currently": Object {
      "apparentTemperature": 23.69,
      "cloudCover": 0.95,
      "dewPoint": 25.92,
      "humidity": 0.91,
      "icon": "cloudy",
      "ozone": 349.27,
      "precipIntensity": 0.0033,
      "precipProbability": 0.11,
      "precipType": "snow",
      "pressure": 1008.71,
      "summary": "Overcast",
      "temperature": 28.33,
      "time": 1486446813,
      "visibility": 3.19,
      "windBearing": 234,
      "windSpeed": 4.13,
    },
    "daily": Object {
      "data": Array [
        Object {
          "apparentTemperatureMax": 29.77,
          "apparentTemperatureMaxTime": 1486368000,
          "apparentTemperatureMin": 19.96,
          "apparentTemperatureMinTime": 1486414800,
          "cloudCover": 0.93,
          "dewPoint": 28.55,
          "humidity": 0.94,
          "icon": "snow",
          "moonPhase": 0.35,
          "ozone": 376.4,
          "precipAccumulation": 6.013,
          "precipIntensity": 0.0295,
          "precipIntensityMax": 0.0734,
          "precipIntensityMaxTime": 1486371600,
          "precipProbability": 0.75,
          "precipType": "snow",
          "pressure": 1001.54,
          "summary": "Snow (3–6 in.) throughout the day.",
          "sunriseTime": 1486394570,
          "sunsetTime": 1486430574,
          "temperatureMax": 34.96,
          "temperatureMaxTime": 1486368000,
          "temperatureMin": 27.36,
          "temperatureMinTime": 1486450800,
          "time": 1486368000,
          "visibility": 3.55,
          "windBearing": 243,
          "windSpeed": 6.93,
        },
        Object {
          "apparentTemperatureMax": 35.55,
          "apparentTemperatureMaxTime": 1486504800,
          "apparentTemperatureMin": 18.71,
          "apparentTemperatureMinTime": 1486472400,
          "cloudCover": 0.95,
          "dewPoint": 27.01,
          "humidity": 0.88,
          "icon": "snow",
          "moonPhase": 0.39,
          "ozone": 333.72,
          "precipAccumulation": 1.906,
          "precipIntensity": 0.0101,
          "precipIntensityMax": 0.0317,
          "precipIntensityMaxTime": 1486512000,
          "precipProbability": 0.66,
          "precipType": "snow",
          "pressure": 1006.65,
          "summary": "Snow (1–2 in.) throughout the day.",
          "sunriseTime": 1486480890,
          "sunsetTime": 1486517062,
          "temperatureMax": 35.55,
          "temperatureMaxTime": 1486504800,
          "temperatureMin": 24.52,
          "temperatureMinTime": 1486468800,
          "time": 1486454400,
          "visibility": 5.88,
          "windBearing": 144,
          "windSpeed": 1.62,
        },
        Object {
          "apparentTemperatureMax": 39.37,
          "apparentTemperatureMaxTime": 1486623600,
          "apparentTemperatureMin": 27.78,
          "apparentTemperatureMinTime": 1486587600,
          "cloudCover": 0.98,
          "dewPoint": 33.84,
          "humidity": 0.96,
          "icon": "rain",
          "moonPhase": 0.43,
          "ozone": 315.2,
          "precipIntensity": 0.0517,
          "precipIntensityMax": 0.1341,
          "precipIntensityMaxTime": 1486609200,
          "precipProbability": 0.81,
          "precipType": "rain",
          "pressure": 1012.66,
          "summary": "Rain throughout the day.",
          "sunriseTime": 1486567208,
          "sunsetTime": 1486603550,
          "temperatureMax": 42.86,
          "temperatureMaxTime": 1486623600,
          "temperatureMin": 30.79,
          "temperatureMinTime": 1486540800,
          "time": 1486540800,
          "visibility": 4.41,
          "windBearing": 122,
          "windSpeed": 5.3,
        },
        Object {
          "apparentTemperatureMax": 37.26,
          "apparentTemperatureMaxTime": 1486674000,
          "apparentTemperatureMin": 30.31,
          "apparentTemperatureMinTime": 1486710000,
          "cloudCover": 0.95,
          "dewPoint": 41.58,
          "humidity": 0.96,
          "icon": "rain",
          "moonPhase": 0.46,
          "ozone": 335.46,
          "precipIntensity": 0.039,
          "precipIntensityMax": 0.0908,
          "precipIntensityMaxTime": 1486627200,
          "precipProbability": 0.78,
          "precipType": "rain",
          "pressure": 1002.33,
          "summary": "Rain throughout the day.",
          "sunriseTime": 1486653525,
          "sunsetTime": 1486690038,
          "temperatureMax": 44.76,
          "temperatureMaxTime": 1486674000,
          "temperatureMin": 38.12,
          "temperatureMinTime": 1486710000,
          "time": 1486627200,
          "visibility": 5.43,
          "windBearing": 234,
          "windSpeed": 12.71,
        },
        Object {
          "apparentTemperatureMax": 35.8,
          "apparentTemperatureMaxTime": 1486738800,
          "apparentTemperatureMin": 30.28,
          "apparentTemperatureMinTime": 1486713600,
          "cloudCover": 0.97,
          "dewPoint": 38.61,
          "humidity": 0.96,
          "icon": "rain",
          "moonPhase": 0.49,
          "ozone": 374.3,
          "precipIntensity": 0.0233,
          "precipIntensityMax": 0.0374,
          "precipIntensityMaxTime": 1486738800,
          "precipProbability": 0.68,
          "precipType": "rain",
          "pressure": 1012.03,
          "summary": "Light rain throughout the day.",
          "sunriseTime": 1486739840,
          "sunsetTime": 1486776526,
          "temperatureMax": 41.49,
          "temperatureMaxTime": 1486738800,
          "temperatureMin": 37.36,
          "temperatureMinTime": 1486796400,
          "time": 1486713600,
          "visibility": 7.73,
          "windBearing": 244,
          "windSpeed": 8.03,
        },
        Object {
          "apparentTemperatureMax": 38.5,
          "apparentTemperatureMaxTime": 1486854000,
          "apparentTemperatureMin": 28.78,
          "apparentTemperatureMinTime": 1486882800,
          "cloudCover": 0.68,
          "dewPoint": 34.13,
          "humidity": 0.94,
          "icon": "partly-cloudy-day",
          "moonPhase": 0.53,
          "ozone": 362.85,
          "precipIntensity": 0.0023,
          "precipIntensityMax": 0.0078,
          "precipIntensityMaxTime": 1486800000,
          "precipProbability": 0.4,
          "precipType": "rain",
          "pressure": 1028.83,
          "summary": "Mostly cloudy until evening.",
          "sunriseTime": 1486826154,
          "sunsetTime": 1486863014,
          "temperatureMax": 40.5,
          "temperatureMaxTime": 1486854000,
          "temperatureMin": 29.56,
          "temperatureMinTime": 1486872000,
          "time": 1486800000,
          "windBearing": 235,
          "windSpeed": 3.11,
        },
        Object {
          "apparentTemperatureMax": 45,
          "apparentTemperatureMaxTime": 1486936800,
          "apparentTemperatureMin": 27.43,
          "apparentTemperatureMinTime": 1486908000,
          "cloudCover": 0.3,
          "dewPoint": 35.24,
          "humidity": 0.87,
          "icon": "partly-cloudy-day",
          "moonPhase": 0.57,
          "ozone": 318.23,
          "precipIntensity": 0,
          "precipIntensityMax": 0,
          "precipProbability": 0,
          "pressure": 1030.89,
          "summary": "Mostly cloudy until evening.",
          "sunriseTime": 1486912466,
          "sunsetTime": 1486949501,
          "temperatureMax": 48.12,
          "temperatureMaxTime": 1486936800,
          "temperatureMin": 32.49,
          "temperatureMinTime": 1486886400,
          "time": 1486886400,
          "windBearing": 96,
          "windSpeed": 5.99,
        },
        Object {
          "apparentTemperatureMax": 54.94,
          "apparentTemperatureMaxTime": 1487023200,
          "apparentTemperatureMin": 33.3,
          "apparentTemperatureMinTime": 1486972800,
          "cloudCover": 0.68,
          "dewPoint": 37.15,
          "humidity": 0.75,
          "icon": "partly-cloudy-day",
          "moonPhase": 0.6,
          "ozone": 309.71,
          "precipIntensity": 0.0008,
          "precipIntensityMax": 0.0013,
          "precipIntensityMaxTime": 1487008800,
          "precipProbability": 0.02,
          "precipType": "rain",
          "pressure": 1027.54,
          "summary": "Mostly cloudy throughout the day.",
          "sunriseTime": 1486998777,
          "sunsetTime": 1487035989,
          "temperatureMax": 54.94,
          "temperatureMaxTime": 1487023200,
          "temperatureMin": 37.34,
          "temperatureMinTime": 1486983600,
          "time": 1486972800,
          "windBearing": 99,
          "windSpeed": 3.28,
        },
      ],
      "icon": "rain",
      "summary": "Mixed precipitation today through Saturday, with temperatures rising to 55°F on Monday.",
    },
    "flags": Object {
      "darksky-unavailable": "Dark Sky covers the given location, but all stations are currently unavailable.",
      "isd-stations": Array [
        "690330-99999",
        "726959-94281",
        "726959-99999",
        "726980-24229",
        "726985-24242",
        "726985-99999",
        "726986-94261",
        "726986-99999",
        "726987-94204",
        "726987-99999",
        "726988-24219",
        "727918-94298",
        "727918-99999",
        "999999-24219",
        "999999-24229",
        "999999-24274",
      ],
      "lamp-stations": Array [
        "KDLS",
        "KPDX",
        "KTTD",
      ],
      "madis-stations": Array [
        "BLAO3",
        "C6318",
        "D9126",
        "E6654",
        "GVT36",
        "GVT50",
        "LGFO3",
        "MHM73",
        "MTHO3",
        "ODT15",
        "ODT75",
        "ODT85",
        "ODT91",
        "REDO3",
        "TIM59",
        "TIM70",
      ],
      "sources": Array [
        "darksky",
        "lamp",
        "gfs",
        "cmc",
        "nam",
        "rap",
        "rtma",
        "sref",
        "fnmoc",
        "isd",
        "madis",
        "nwspa",
      ],
      "units": "us",
    },
    "hourly": Object {
      "data": Array [
        Object {
          "apparentTemperature": 23.74,
          "cloudCover": 0.96,
          "dewPoint": 26.61,
          "humidity": 0.92,
          "icon": "snow",
          "ozone": 352.5,
          "precipAccumulation": 0.028,
          "precipIntensity": 0.0029,
          "precipProbability": 0.09,
          "precipType": "snow",
          "pressure": 1008.41,
          "summary": "Light Snow",
          "temperature": 28.6,
          "time": 1486443600,
          "visibility": 3.54,
          "windBearing": 235,
          "windSpeed": 4.36,
        },
        Object {
          "apparentTemperature": 23.68,
          "cloudCover": 0.95,
          "dewPoint": 25.83,
          "humidity": 0.9,
          "icon": "snow",
          "ozone": 348.89,
          "precipAccumulation": 0.033,
          "precipIntensity": 0.0034,
          "precipProbability": 0.12,
          "precipType": "snow",
          "pressure": 1008.75,
          "summary": "Light Snow",
          "temperature": 28.3,
          "time": 1486447200,
          "visibility": 3.15,
          "windBearing": 234,
          "windSpeed": 4.1,
        },
        Object {
          "apparentTemperature": 22.87,
          "cloudCover": 0.95,
          "dewPoint": 24.96,
          "humidity": 0.91,
          "icon": "snow",
          "ozone": 345.22,
          "precipAccumulation": 0.016,
          "precipIntensity": 0.0015,
          "precipProbability": 0.03,
          "precipType": "snow",
          "pressure": 1008.75,
          "summary": "Flurries",
          "temperature": 27.36,
          "time": 1486450800,
          "visibility": 3.06,
          "windBearing": 237,
          "windSpeed": 3.87,
        },
        Object {
          "apparentTemperature": 22.96,
          "cloudCover": 0.95,
          "dewPoint": 24.71,
          "humidity": 0.92,
          "icon": "cloudy",
          "ozone": 341.67,
          "precipIntensity": 0,
          "precipProbability": 0,
          "pressure": 1008.52,
          "summary": "Overcast",
          "temperature": 26.73,
          "time": 1486454400,
          "visibility": 3.29,
          "windBearing": 228,
          "windSpeed": 3.26,
        },
        Object {
          "apparentTemperature": 26.36,
          "cloudCover": 0.95,
          "dewPoint": 24.32,
          "humidity": 0.92,
          "icon": "cloudy",
          "ozone": 338.68,
          "precipIntensity": 0,
          "precipProbability": 0,
          "pressure": 1008.05,
          "summary": "Overcast",
          "temperature": 26.36,
          "time": 1486458000,
          "visibility": 3.26,
          "windBearing": 205,
          "windSpeed": 2.41,
        },
        Object {
          "apparentTemperature": 26.25,
          "cloudCover": 0.96,
          "dewPoint": 23.79,
          "humidity": 0.9,
          "icon": "cloudy",
          "ozone": 336.38,
          "precipIntensity": 0,
          "precipProbability": 0,
          "pressure": 1007.28,
          "summary": "Overcast",
          "temperature": 26.25,
          "time": 1486461600,
          "visibility": 3.95,
          "windBearing": 152,
          "windSpeed": 2.57,
        },
        Object {
          "apparentTemperature": 20.88,
          "cloudCover": 0.97,
          "dewPoint": 22.41,
          "humidity": 0.89,
          "icon": "cloudy",
          "ozone": 334.64,
          "precipIntensity": 0,
          "precipProbability": 0,
          "pressure": 1006.23,
          "summary": "Overcast",
          "temperature": 25.07,
          "time": 1486465200,
          "visibility": 5.17,
          "windBearing": 130,
          "windSpeed": 3.4,
        },
        Object {
          "apparentTemperature": 19.48,
          "cloudCover": 0.98,
          "dewPoint": 21.71,
          "humidity": 0.89,
          "icon": "cloudy",
          "ozone": 333.47,
          "precipIntensity": 0,
          "precipProbability": 0,
          "pressure": 1005.23,
          "summary": "Overcast",
          "temperature": 24.52,
          "time": 1486468800,
          "visibility": 5.92,
          "windBearing": 117,
          "windSpeed": 3.97,
        },
        Object {
          "apparentTemperature": 18.71,
          "cloudCover": 0.99,
          "dewPoint": 21.32,
          "humidity": 0.87,
          "icon": "cloudy",
          "ozone": 332.99,
          "precipAccumulation": 0.009,
          "precipIntensity": 0.0008,
          "precipProbability": 0.01,
          "precipType": "snow",
          "pressure": 1004.53,
          "summary": "Overcast",
          "temperature": 24.52,
          "time": 1486472400,
          "visibility": 7.03,
          "windBearing": 117,
          "windSpeed": 4.61,
        },
        Object {
          "apparentTemperature": 18.74,
          "cloudCover": 0.99,
          "dewPoint": 21.34,
          "humidity": 0.85,
          "icon": "snow",
          "ozone": 333.09,
          "precipAccumulation": 0.017,
          "precipIntensity": 0.0015,
          "precipProbability": 0.03,
          "precipType": "snow",
          "pressure": 1003.97,
          "summary": "Flurries",
          "temperature": 25.2,
          "time": 1486476000,
          "visibility": 8.1,
          "windBearing": 114,
          "windSpeed": 5.35,
        },
        Object {
          "apparentTemperature": 20.08,
          "cloudCover": 1,
          "dewPoint": 22.07,
          "humidity": 0.86,
          "icon": "snow",
          "ozone": 333.42,
          "precipAccumulation": 0.024,
          "precipIntensity": 0.0021,
          "precipProbability": 0.06,
          "precipType": "snow",
          "pressure": 1003.58,
          "summary": "Flurries",
          "temperature": 25.8,
          "time": 1486479600,
          "visibility": 8.87,
          "windBearing": 115,
          "windSpeed": 4.73,
        },
        Object {
          "apparentTemperature": 21.1,
          "cloudCover": 1,
          "dewPoint": 23.38,
          "humidity": 0.85,
          "icon": "snow",
          "ozone": 334.17,
          "precipAccumulation": 0.034,
          "precipIntensity": 0.0032,
          "precipProbability": 0.11,
          "precipType": "snow",
          "pressure": 1003.41,
          "summary": "Light Snow",
          "temperature": 27.2,
          "time": 1486483200,
          "visibility": 8.74,
          "windBearing": 114,
          "windSpeed": 5.36,
        },
        Object {
          "apparentTemperature": 23.84,
          "cloudCover": 1,
          "dewPoint": 25.73,
          "humidity": 0.85,
          "icon": "snow",
          "ozone": 335.16,
          "precipAccumulation": 0.04,
          "precipIntensity": 0.0044,
          "precipProbability": 0.18,
          "precipType": "snow",
          "pressure": 1003.48,
          "summary": "Light Snow",
          "temperature": 29.53,
          "time": 1486486800,
          "visibility": 8.29,
          "windBearing": 112,
          "windSpeed": 5.36,
        },
        Object {
          "apparentTemperature": 27.35,
          "cloudCover": 1,
          "dewPoint": 28.47,
          "humidity": 0.84,
          "icon": "snow",
          "ozone": 335.53,
          "precipAccumulation": 0.043,
          "precipIntensity": 0.0056,
          "precipProbability": 0.25,
          "precipType": "snow",
          "pressure": 1003.65,
          "summary": "Light Snow",
          "temperature": 32.74,
          "time": 1486490400,
          "visibility": 7.99,
          "windBearing": 113,
          "windSpeed": 5.7,
        },
        Object {
          "apparentTemperature": 30.04,
          "cloudCover": 1,
          "dewPoint": 29.37,
          "humidity": 0.83,
          "icon": "snow",
          "ozone": 334.73,
          "precipAccumulation": 0.051,
          "precipIntensity": 0.0067,
          "precipProbability": 0.32,
          "precipType": "snow",
          "pressure": 1003.74,
          "summary": "Light Snow",
          "temperature": 33.9,
          "time": 1486494000,
          "visibility": 7.79,
          "windBearing": 116,
          "windSpeed": 4.23,
        },
        Object {
          "apparentTemperature": 34.61,
          "cloudCover": 1,
          "dewPoint": 30.26,
          "humidity": 0.84,
          "icon": "rain",
          "ozone": 333.33,
          "precipIntensity": 0.0148,
          "precipProbability": 0.56,
          "precipType": "rain",
          "pressure": 1003.92,
          "summary": "Light Rain",
          "temperature": 34.61,
          "time": 1486497600,
          "visibility": 6.79,
          "windBearing": 116,
          "windSpeed": 2.33,
        },
        Object {
          "apparentTemperature": 35.3,
          "cloudCover": 1,
          "dewPoint": 31.19,
          "humidity": 0.85,
          "icon": "rain",
          "ozone": 332.12,
          "precipIntensity": 0.0275,
          "precipProbability": 0.64,
          "precipType": "rain",
          "pressure": 1004.24,
          "summary": "Light Rain",
          "temperature": 35.3,
          "time": 1486501200,
          "visibility": 5.59,
          "windBearing": 135,
          "windSpeed": 0.78,
        },
        Object {
          "apparentTemperature": 35.55,
          "cloudCover": 1,
          "dewPoint": 31.86,
          "humidity": 0.86,
          "icon": "rain",
          "ozone": 331.34,
          "precipIntensity": 0.0307,
          "precipProbability": 0.66,
          "precipType": "rain",
          "pressure": 1004.71,
          "summary": "Light Rain",
          "temperature": 35.55,
          "time": 1486504800,
          "visibility": 4.59,
          "windBearing": 288,
          "windSpeed": 0.66,
        },
        Object {
          "apparentTemperature": 35.08,
          "cloudCover": 1,
          "dewPoint": 31.44,
          "humidity": 0.86,
          "icon": "rain",
          "ozone": 330.77,
          "precipIntensity": 0.0316,
          "precipProbability": 0.66,
          "precipType": "rain",
          "pressure": 1005.32,
          "summary": "Light Rain",
          "temperature": 35.08,
          "time": 1486508400,
          "visibility": 4.47,
          "windBearing": 311,
          "windSpeed": 1.09,
        },
        Object {
          "apparentTemperature": 34.52,
          "cloudCover": 1,
          "dewPoint": 31.39,
          "humidity": 0.88,
          "icon": "snow",
          "ozone": 330.54,
          "precipAccumulation": 0.241,
          "precipIntensity": 0.0317,
          "precipProbability": 0.66,
          "precipType": "snow",
          "pressure": 1006.08,
          "summary": "Snow",
          "temperature": 34.52,
          "time": 1486512000,
          "visibility": 4.2,
          "windBearing": 311,
          "windSpeed": 1.49,
        },
        Object {
          "apparentTemperature": 33.62,
          "cloudCover": 0.96,
          "dewPoint": 30.78,
          "humidity": 0.89,
          "icon": "snow",
          "ozone": 330.81,
          "precipAccumulation": 0.203,
          "precipIntensity": 0.0268,
          "precipProbability": 0.64,
          "precipType": "snow",
          "pressure": 1007.23,
          "summary": "Snow",
          "temperature": 33.62,
          "time": 1486515600,
          "visibility": 4.75,
          "windBearing": 299,
          "windSpeed": 1.55,
        },
        Object {
          "apparentTemperature": 32.36,
          "cloudCover": 0.9,
          "dewPoint": 29.83,
          "humidity": 0.9,
          "icon": "snow",
          "ozone": 331.41,
          "precipAccumulation": 0.139,
          "precipIntensity": 0.0182,
          "precipProbability": 0.59,
          "precipType": "snow",
          "pressure": 1008.6,
          "summary": "Light Snow",
          "temperature": 32.36,
          "time": 1486519200,
          "visibility": 5.97,
          "windBearing": 268,
          "windSpeed": 1.61,
        },
        Object {
          "apparentTemperature": 31.01,
          "cloudCover": 0.86,
          "dewPoint": 28.12,
          "humidity": 0.89,
          "icon": "snow",
          "ozone": 332.05,
          "precipAccumulation": 0.084,
          "precipIntensity": 0.0102,
          "precipProbability": 0.51,
          "precipType": "snow",
          "pressure": 1009.81,
          "summary": "Light Snow",
          "temperature": 31.01,
          "time": 1486522800,
          "visibility": 7,
          "windBearing": 248,
          "windSpeed": 1.92,
        },
        Object {
          "apparentTemperature": 30.81,
          "cloudCover": 0.84,
          "dewPoint": 28.25,
          "humidity": 0.9,
          "icon": "snow",
          "ozone": 332.89,
          "precipAccumulation": 0.062,
          "precipIntensity": 0.0075,
          "precipProbability": 0.37,
          "precipType": "snow",
          "pressure": 1010.76,
          "summary": "Light Snow",
          "temperature": 30.81,
          "time": 1486526400,
          "visibility": 6.34,
          "windBearing": 239,
          "windSpeed": 2.29,
        },
        Object {
          "apparentTemperature": 30.87,
          "cloudCover": 0.83,
          "dewPoint": 28.27,
          "humidity": 0.9,
          "icon": "snow",
          "ozone": 333.77,
          "precipAccumulation": 0.054,
          "precipIntensity": 0.0065,
          "precipProbability": 0.31,
          "precipType": "snow",
          "pressure": 1011.57,
          "summary": "Light Snow",
          "temperature": 30.87,
          "time": 1486530000,
          "visibility": 5.14,
          "windBearing": 233,
          "windSpeed": 2.59,
        },
        Object {
          "apparentTemperature": 30.94,
          "cloudCover": 0.83,
          "dewPoint": 28.96,
          "humidity": 0.92,
          "icon": "snow",
          "ozone": 333.82,
          "precipAccumulation": 0.05,
          "precipIntensity": 0.006,
          "precipProbability": 0.28,
          "precipType": "snow",
          "pressure": 1012.38,
          "summary": "Light Snow",
          "temperature": 30.94,
          "time": 1486533600,
          "visibility": 4.18,
          "windBearing": 229,
          "windSpeed": 2.81,
        },
        Object {
          "apparentTemperature": 30.88,
          "cloudCover": 0.86,
          "dewPoint": 29.35,
          "humidity": 0.94,
          "icon": "snow",
          "ozone": 332.44,
          "precipAccumulation": 0.049,
          "precipIntensity": 0.0059,
          "precipProbability": 0.27,
          "precipType": "snow",
          "pressure": 1013.3,
          "summary": "Light Snow",
          "temperature": 30.88,
          "time": 1486537200,
          "visibility": 3.68,
          "windBearing": 231,
          "windSpeed": 2.9,
        },
        Object {
          "apparentTemperature": 30.79,
          "cloudCover": 0.9,
          "dewPoint": 29.48,
          "humidity": 0.95,
          "icon": "snow",
          "ozone": 330.24,
          "precipAccumulation": 0.054,
          "precipIntensity": 0.0064,
          "precipProbability": 0.3,
          "precipType": "snow",
          "pressure": 1014.24,
          "summary": "Light Snow",
          "temperature": 30.79,
          "time": 1486540800,
          "visibility": 3.42,
          "windBearing": 235,
          "windSpeed": 2.92,
        },
        Object {
          "apparentTemperature": 30.99,
          "cloudCover": 0.93,
          "dewPoint": 29.8,
          "humidity": 0.95,
          "icon": "snow",
          "ozone": 328.16,
          "precipAccumulation": 0.059,
          "precipIntensity": 0.0071,
          "precipProbability": 0.35,
          "precipType": "snow",
          "pressure": 1015,
          "summary": "Light Snow",
          "temperature": 30.99,
          "time": 1486544400,
          "visibility": 3.61,
          "windBearing": 236,
          "windSpeed": 2.85,
        },
        Object {
          "apparentTemperature": 31.32,
          "cloudCover": 0.94,
          "dewPoint": 30.38,
          "humidity": 0.96,
          "icon": "snow",
          "ozone": 326.49,
          "precipAccumulation": 0.067,
          "precipIntensity": 0.0083,
          "precipProbability": 0.43,
          "precipType": "snow",
          "pressure": 1015.49,
          "summary": "Light Snow",
          "temperature": 31.32,
          "time": 1486548000,
          "visibility": 4.61,
          "windBearing": 232,
          "windSpeed": 2.73,
        },
        Object {
          "apparentTemperature": 31.74,
          "cloudCover": 0.93,
          "dewPoint": 30.89,
          "humidity": 0.97,
          "icon": "snow",
          "ozone": 324.95,
          "precipAccumulation": 0.077,
          "precipIntensity": 0.0099,
          "precipProbability": 0.5,
          "precipType": "snow",
          "pressure": 1015.79,
          "summary": "Light Snow",
          "temperature": 31.74,
          "time": 1486551600,
          "visibility": 6.05,
          "windBearing": 226,
          "windSpeed": 2.54,
        },
        Object {
          "apparentTemperature": 32.07,
          "cloudCover": 0.92,
          "dewPoint": 31.31,
          "humidity": 0.97,
          "icon": "snow",
          "ozone": 323.68,
          "precipAccumulation": 0.081,
          "precipIntensity": 0.0107,
          "precipProbability": 0.51,
          "precipType": "snow",
          "pressure": 1016.01,
          "summary": "Light Snow",
          "temperature": 32.07,
          "time": 1486555200,
          "visibility": 7,
          "windBearing": 213,
          "windSpeed": 2.16,
        },
        Object {
          "apparentTemperature": 32.13,
          "cloudCover": 0.94,
          "dewPoint": 31.45,
          "humidity": 0.97,
          "icon": "snow",
          "ozone": 322.89,
          "precipAccumulation": 0.077,
          "precipIntensity": 0.0101,
          "precipProbability": 0.51,
          "precipType": "snow",
          "pressure": 1016.18,
          "summary": "Light Snow",
          "temperature": 32.13,
          "time": 1486558800,
          "visibility": 6.97,
          "windBearing": 179,
          "windSpeed": 1.69,
        },
        Object {
          "apparentTemperature": 32.12,
          "cloudCover": 0.96,
          "dewPoint": 31.51,
          "humidity": 0.98,
          "icon": "snow",
          "ozone": 322.38,
          "precipAccumulation": 0.067,
          "precipIntensity": 0.0088,
          "precipProbability": 0.46,
          "precipType": "snow",
          "pressure": 1016.26,
          "summary": "Light Snow",
          "temperature": 32.12,
          "time": 1486562400,
          "visibility": 6.45,
          "windBearing": 133,
          "windSpeed": 2.15,
        },
        Object {
          "apparentTemperature": 29.55,
          "cloudCover": 0.98,
          "dewPoint": 31.72,
          "humidity": 0.98,
          "icon": "snow",
          "ozone": 321.67,
          "precipAccumulation": 0.057,
          "precipIntensity": 0.0075,
          "precipProbability": 0.38,
          "precipType": "snow",
          "pressure": 1016.28,
          "summary": "Light Snow",
          "temperature": 32.34,
          "time": 1486566000,
          "visibility": 5.91,
          "windBearing": 119,
          "windSpeed": 3.11,
        },
        Object {
          "apparentTemperature": 29.14,
          "cloudCover": 0.99,
          "dewPoint": 32.28,
          "humidity": 0.97,
          "icon": "snow",
          "ozone": 320.75,
          "precipAccumulation": 0.039,
          "precipIntensity": 0.0052,
          "precipProbability": 0.22,
          "precipType": "snow",
          "pressure": 1016.29,
          "summary": "Light Snow",
          "temperature": 33.01,
          "time": 1486569600,
          "visibility": 5.41,
          "windBearing": 116,
          "windSpeed": 4.1,
        },
        Object {
          "apparentTemperature": 28.99,
          "cloudCover": 0.99,
          "dewPoint": 32.96,
          "humidity": 0.96,
          "icon": "snow",
          "ozone": 319.64,
          "precipAccumulation": 0.022,
          "precipIntensity": 0.0029,
          "precipProbability": 0.09,
          "precipType": "snow",
          "pressure": 1016.22,
          "summary": "Flurries",
          "temperature": 33.89,
          "time": 1486573200,
          "visibility": 4.88,
          "windBearing": 116,
          "windSpeed": 5.36,
        },
        Object {
          "apparentTemperature": 29,
          "cloudCover": 0.99,
          "dewPoint": 33.42,
          "humidity": 0.96,
          "icon": "rain",
          "ozone": 317.97,
          "precipIntensity": 0.0055,
          "precipProbability": 0.24,
          "precipType": "rain",
          "pressure": 1015.91,
          "summary": "Drizzle",
          "temperature": 34.57,
          "time": 1486576800,
          "visibility": 4.63,
          "windBearing": 115,
          "windSpeed": 6.41,
        },
        Object {
          "apparentTemperature": 28.57,
          "cloudCover": 0.99,
          "dewPoint": 33.49,
          "humidity": 0.95,
          "icon": "rain",
          "ozone": 315.31,
          "precipIntensity": 0.016,
          "precipProbability": 0.57,
          "precipType": "rain",
          "pressure": 1015.22,
          "summary": "Light Rain",
          "temperature": 34.87,
          "time": 1486580400,
          "visibility": 4.98,
          "windBearing": 110,
          "windSpeed": 7.62,
        },
        Object {
          "apparentTemperature": 28.04,
          "cloudCover": 1,
          "dewPoint": 33.38,
          "humidity": 0.94,
          "icon": "rain",
          "ozone": 312.09,
          "precipIntensity": 0.0312,
          "precipProbability": 0.66,
          "precipType": "rain",
          "pressure": 1014.25,
          "summary": "Light Rain",
          "temperature": 35.02,
          "time": 1486584000,
          "visibility": 5.61,
          "windBearing": 105,
          "windSpeed": 8.86,
        },
        Object {
          "apparentTemperature": 27.78,
          "cloudCover": 1,
          "dewPoint": 33.36,
          "humidity": 0.93,
          "icon": "rain",
          "ozone": 309.2,
          "precipIntensity": 0.047,
          "precipProbability": 0.71,
          "precipType": "rain",
          "pressure": 1013.16,
          "summary": "Light Rain",
          "temperature": 35.18,
          "time": 1486587600,
          "visibility": 5.8,
          "windBearing": 103,
          "windSpeed": 9.77,
        },
        Object {
          "apparentTemperature": 27.86,
          "cloudCover": 1,
          "dewPoint": 33.54,
          "humidity": 0.93,
          "icon": "rain",
          "ozone": 306.72,
          "precipIntensity": 0.0625,
          "precipProbability": 0.74,
          "precipType": "rain",
          "pressure": 1012.11,
          "summary": "Rain",
          "temperature": 35.42,
          "time": 1486591200,
          "visibility": 5.06,
          "windBearing": 105,
          "windSpeed": 10.22,
        },
        Object {
          "apparentTemperature": 27.93,
          "cloudCover": 1,
          "dewPoint": 33.81,
          "humidity": 0.93,
          "icon": "rain",
          "ozone": 304.57,
          "precipIntensity": 0.0785,
          "precipProbability": 0.76,
          "precipType": "rain",
          "pressure": 1011,
          "summary": "Rain",
          "temperature": 35.67,
          "time": 1486594800,
          "visibility": 3.89,
          "windBearing": 109,
          "windSpeed": 10.74,
        },
        Object {
          "apparentTemperature": 28.23,
          "cloudCover": 1,
          "dewPoint": 34.17,
          "humidity": 0.93,
          "icon": "rain",
          "ozone": 303.41,
          "precipIntensity": 0.0937,
          "precipProbability": 0.78,
          "precipType": "rain",
          "pressure": 1010.03,
          "summary": "Rain",
          "temperature": 35.94,
          "time": 1486598400,
          "visibility": 3.09,
          "windBearing": 111,
          "windSpeed": 10.84,
        },
        Object {
          "apparentTemperature": 28.55,
          "cloudCover": 1,
          "dewPoint": 34.47,
          "humidity": 0.94,
          "icon": "rain",
          "ozone": 303.73,
          "precipIntensity": 0.1104,
          "precipProbability": 0.79,
          "precipType": "rain",
          "pressure": 1009.59,
          "summary": "Rain",
          "temperature": 36.1,
          "time": 1486602000,
          "visibility": 3.16,
          "windBearing": 112,
          "windSpeed": 10.57,
        },
        Object {
          "apparentTemperature": 29.05,
          "cloudCover": 1,
          "dewPoint": 34.81,
          "humidity": 0.94,
          "icon": "rain",
          "ozone": 305.04,
          "precipIntensity": 0.1261,
          "precipProbability": 0.81,
          "precipType": "rain",
          "pressure": 1009.31,
          "summary": "Rain",
          "temperature": 36.26,
          "time": 1486605600,
          "visibility": 3.58,
          "windBearing": 113,
          "windSpeed": 9.89,
        },
        Object {
          "apparentTemperature": 30.22,
          "cloudCover": 1,
          "dewPoint": 35.56,
          "humidity": 0.95,
          "icon": "rain",
          "ozone": 306.48,
          "precipIntensity": 0.1341,
          "precipProbability": 0.81,
          "precipType": "rain",
          "pressure": 1008.8,
          "summary": "Rain",
          "temperature": 36.79,
          "time": 1486609200,
          "visibility": 3.71,
          "windBearing": 116,
          "windSpeed": 8.86,
        },
        Object {
          "apparentTemperature": 32.38,
          "cloudCover": 1,
          "dewPoint": 37.15,
          "humidity": 0.96,
          "icon": "rain",
          "ozone": 307.97,
          "precipIntensity": 0.1303,
          "precipProbability": 0.81,
          "precipType": "rain",
          "pressure": 1008.08,
          "summary": "Rain",
          "temperature": 38.08,
          "time": 1486612800,
          "visibility": 3.13,
          "windBearing": 122,
          "windSpeed": 7.75,
        },
        Object {
          "apparentTemperature": 35.49,
          "cloudCover": 1,
          "dewPoint": 39.51,
          "humidity": 0.98,
          "icon": "rain",
          "ozone": 309.59,
          "precipIntensity": 0.1197,
          "precipProbability": 0.8,
          "precipType": "rain",
          "pressure": 1007.18,
          "summary": "Rain",
          "temperature": 40.11,
          "time": 1486616400,
          "visibility": 2.24,
          "windBearing": 131,
          "windSpeed": 6.63,
        },
      ],
      "icon": "snow",
      "summary": "Snow (1–2 in.) until tonight, starting again tomorrow morning.",
    },
    "latitude": 45.381892,
    "longitude": -121.859297,
    "offset": -8,
    "timezone": "America/Los_Angeles",
  },
}
`;
